13:15:10.679 [main] INFO  tests.BrowserConsoleLogsCapture - SEVERE : https://the-internet.herokuapp.com/javascript_alerts 17:6 Uncaught ReferenceError: $ is not defined
13:15:10.690 [main] ERROR tests.BrowserConsoleLogsCapture - CRITICAL BROWSER ERROR: https://the-internet.herokuapp.com/javascript_alerts 17:6 Uncaught ReferenceError: $ is not defined
13:15:10.690 [main] INFO  tests.BrowserConsoleLogsCapture - SEVERE : https://298279967.log.optimizely.com/event?a=298279967&d=298279967&y=false&n=engagement&g=298283957&u=oeu1791272681135r0.6157927703349493&wxhr=true&t=1791272710493&f=298349752,318188263 - Failed to load resource: net::ERR_NAME_NOT_RESOLVED
13:15:10.690 [main] INFO  tests.BrowserConsoleLogsCapture - IGNORED - Third-party Optimizely log: https://298279967.log.optimizely.com/event?a=298279967&d=298279967&y=false&n=engagement&g=298283957&u=oeu1791272681135r0.6157927703349493&wxhr=true&t=1791272710493&f=298349752,318188263 - Failed to load resource: net::ERR_NAME_NOT_RESOLVED
13:15:10.691 [main] INFO  tests.BrowserConsoleLogsCapture - SEVERE : https://the-internet.herokuapp.com/favicon.ico - Failed to load resource: the server responded with a status of 404 ()
13:15:10.691 [main] INFO  tests.BrowserConsoleLogsCapture - IGNORED - Favicon 404: https://the-internet.herokuapp.com/favicon.ico - Failed to load resource: the server responded with a status of 404 ()
13:15:10.691 [main] INFO  tests.BrowserConsoleLogsCapture - Browser console log validation result
13:15:10.691 [main] INFO  tests.BrowserConsoleLogsCapture - Critical errors: 6
13:15:10.691 [main] INFO  tests.BrowserConsoleLogsCapture - Warnings: 0
13:15:10.691 [main] INFO  tests.BrowserConsoleLogsCapture - Ignored logs: 3
13:15:10.691 [main] INFO  tests.BrowserConsoleLogsCapture - Browser console validation completed successfully
13:17:45.940 [main] INFO  tests.BrowserConsoleLogsCapture - opening the url
13:18:17.025 [main] INFO  tests.BrowserConsoleLogsCapture - finding alert element
13:18:17.127 [main] INFO  tests.BrowserConsoleLogsCapture - clicked on the alert button
13:18:17.138 [main] INFO  tests.BrowserConsoleLogsCapture - accepted the alert
13:18:17.138 [main] INFO  tests.BrowserConsoleLogsCapture - finding the confirm alert button
13:18:17.226 [main] INFO  tests.BrowserConsoleLogsCapture - clicked on the confirm button
13:18:17.235 [main] INFO  tests.BrowserConsoleLogsCapture - accepted the confirm alert
13:18:17.235 [main] INFO  tests.BrowserConsoleLogsCapture - now finding the browser logs
13:18:17.244 [main] INFO  tests.BrowserConsoleLogsCapture - total browser logs: 6
13:18:17.245 [main] INFO  tests.BrowserConsoleLogsCapture - SEVERE : https://298279967.log.optimizely.com/event?a=298279967&d=298279967&y=false&n=https%3A%2F%2Fthe-internet.herokuapp.com%2Fjavascript_alerts&u=oeu1791272867630r0.5418890909378327&wxhr=true&t=1791272867635&f=298349752,318188263 - Failed to load resource: net::ERR_NAME_NOT_RESOLVED
13:18:17.245 [main] INFO  tests.BrowserConsoleLogsCapture - IGNORED - Third-party Optimizely log: https://298279967.log.optimizely.com/event?a=298279967&d=298279967&y=false&n=https%3A%2F%2Fthe-internet.herokuapp.com%2Fjavascript_alerts&u=oeu1791272867630r0.5418890909378327&wxhr=true&t=1791272867635&f=298349752,318188263 - Failed to load resource: net::ERR_NAME_NOT_RESOLVED
13:18:17.245 [main] INFO  tests.BrowserConsoleLogsCapture - SEVERE : https://the-internet.herokuapp.com/css/app.css - Failed to load resource: the server responded with a status of 503 ()
13:18:17.245 [main] ERROR tests.BrowserConsoleLogsCapture - CRITICAL BROWSER ERROR: https://the-internet.herokuapp.com/css/app.css - Failed to load resource: the server responded with a status of 503 ()
13:18:17.245 [main] INFO  tests.BrowserConsoleLogsCapture - SEVERE : https://the-internet.herokuapp.com/css/font-awesome.css - Failed to load resource: the server responded with a status of 503 ()
13:18:17.245 [main] ERROR tests.BrowserConsoleLogsCapture - CRITICAL BROWSER ERROR: https://the-internet.herokuapp.com/css/font-awesome.css - Failed to load resource: the server responded with a status of 503 ()
13:18:17.246 [main] INFO  tests.BrowserConsoleLogsCapture - SEVERE : https://the-internet.herokuapp.com/img/forkme_right_green_007200.png - Failed to load resource: the server responded with a status of 503 ()
13:18:17.246 [main] ERROR tests.BrowserConsoleLogsCapture - CRITICAL BROWSER ERROR: https://the-internet.herokuapp.com/img/forkme_right_green_007200.png - Failed to load resource: the server responded with a status of 503 ()
13:18:17.246 [main] INFO  tests.BrowserConsoleLogsCapture - SEVERE : https://the-internet.herokuapp.com/js/foundation/foundation.alerts.js - Failed to load resource: the server responded with a status of 503 ()
13:18:17.246 [main] ERROR tests.BrowserConsoleLogsCapture - CRITICAL BROWSER ERROR: https://the-internet.herokuapp.com/js/foundation/foundation.alerts.js - Failed to load resource: the server responded with a status of 503 ()
