15:02:47.741 [main] INFO  tests.PaginationTest - Row data: Hope Fuentes Secretary San Francisco 41 2010-02-12 $109,850
15:02:47.758 [main] INFO  tests.PaginationTest - Row data: Howard Hatfield Office Manager San Francisco 51 2008-12-16 $164,500
15:02:47.770 [main] INFO  tests.PaginationTest - Row data: Jackson Bradshaw Director New York 65 2008-09-26 $645,750
15:02:47.781 [main] INFO  tests.PaginationTest - Row data: Jena Gaines Office Manager London 30 2008-12-19 $90,560
15:02:47.791 [main] INFO  tests.PaginationTest - Row data: Jenette Caldwell Development Lead New York 30 2011-09-03 $345,000
15:02:47.802 [main] INFO  tests.PaginationTest - Row data: Jennifer Acosta Junior JavaScript Developer Edinburgh 43 2013-02-01 $75,650
15:02:47.822 [main] INFO  tests.PaginationTest - Page 3 first row: Gloria Little Systems Administrator New York 59 2009-04-10 $237,500
15:02:47.942 [main] INFO  tests.PaginationTest - Navigated to page: 4
15:02:47.965 [main] INFO  tests.PaginationTest - Row data: Jennifer Chang Regional Director Singapore 28 2010-11-14 $357,650
15:02:47.976 [main] INFO  tests.PaginationTest - Row data: Jonas Alexander Developer San Francisco 30 2010-07-14 $86,500
15:02:47.986 [main] INFO  tests.PaginationTest - Row data: Lael Greer Systems Administrator London 21 2009-02-27 $103,500
15:02:47.997 [main] INFO  tests.PaginationTest - Row data: Martena Mccray Post-Sales support Edinburgh 46 2011-03-09 $324,050
15:02:48.008 [main] INFO  tests.PaginationTest - Row data: Michael Bruce JavaScript Developer Singapore 29 2011-06-27 $183,000
15:02:48.026 [main] INFO  tests.PaginationTest - Row data: Michael Silva Marketing Designer London 66 2012-11-27 $198,500
15:02:48.037 [main] INFO  tests.PaginationTest - Row data: Michelle House Integration Specialist Sydney 37 2011-06-02 $95,400
15:02:48.047 [main] INFO  tests.PaginationTest - Row data: Olivia Liang Support Engineer Singapore 64 2011-02-03 $234,500
15:02:48.058 [main] INFO  tests.PaginationTest - Row data: Paul Byrd Chief Financial Officer (CFO) New York 64 2010-06-09 $725,000
15:02:48.069 [main] INFO  tests.PaginationTest - Row data: Prescott Bartlett Technical Author London 27 2011-05-07 $145,000
15:02:48.091 [main] INFO  tests.PaginationTest - Page 4 first row: Jennifer Chang Regional Director Singapore 28 2010-11-14 $357,650
15:02:48.189 [main] INFO  tests.PaginationTest - Navigated to page: 5
15:02:48.212 [main] INFO  tests.PaginationTest - Row data: Quinn Flynn Support Lead Edinburgh 22 2013-03-03 $342,000
15:02:48.224 [main] INFO  tests.PaginationTest - Row data: Rhona Davidson Integration Specialist Tokyo 55 2010-10-14 $327,900
15:02:48.237 [main] INFO  tests.PaginationTest - Row data: Sakura Yamamoto Support Engineer Tokyo 37 2009-08-19 $139,575
15:02:48.248 [main] INFO  tests.PaginationTest - Row data: Serge Baldwin Data Coordinator Singapore 64 2012-04-09 $138,575
15:02:48.261 [main] INFO  tests.PaginationTest - Row data: Shad Decker Regional Director Edinburgh 51 2008-11-13 $183,000
15:02:48.274 [main] INFO  tests.PaginationTest - Row data: Shou Itou Regional Marketing Tokyo 20 2011-08-14 $163,000
15:02:48.287 [main] INFO  tests.PaginationTest - Row data: Sonya Frost Software Engineer Edinburgh 23 2008-12-13 $103,600
15:02:48.298 [main] INFO  tests.PaginationTest - Row data: Suki Burks Developer London 53 2009-10-22 $114,500
15:02:48.311 [main] INFO  tests.PaginationTest - Row data: Tatyana Fitzpatrick Regional Director London 19 2010-03-17 $385,750
15:02:48.323 [main] INFO  tests.PaginationTest - Row data: Thor Walton Developer New York 61 2013-08-11 $98,540
15:02:48.346 [main] INFO  tests.PaginationTest - Page 5 first row: Quinn Flynn Support Lead Edinburgh 22 2013-03-03 $342,000
15:02:48.467 [main] INFO  tests.PaginationTest - Navigated to page: 6
15:02:48.489 [main] INFO  tests.PaginationTest - Row data: Tiger Nixon System Architect Edinburgh 61 2011-04-25 $320,800
15:02:48.501 [main] INFO  tests.PaginationTest - Row data: Timothy Mooney Office Manager London 37 2008-12-11 $136,200
15:02:48.513 [main] INFO  tests.PaginationTest - Row data: Unity Butler Marketing Designer San Francisco 47 2009-12-09 $85,675
15:02:48.525 [main] INFO  tests.PaginationTest - Row data: Vivian Harrell Financial Controller San Francisco 62 2009-02-14 $452,500
15:02:48.539 [main] INFO  tests.PaginationTest - Row data: Yuri Berry Chief Marketing Officer (CMO) New York 40 2009-06-25 $675,000
15:02:48.550 [main] INFO  tests.PaginationTest - Row data: Zenaida Frank Software Engineer New York 63 2010-01-04 $125,250
15:02:48.562 [main] INFO  tests.PaginationTest - Row data: Zorita Serrano Software Engineer San Francisco 56 2012-06-01 $115,000
15:02:48.584 [main] INFO  tests.PaginationTest - Page 6 first row: Tiger Nixon System Architect Edinburgh 61 2011-04-25 $320,800
15:02:48.602 [main] INFO  tests.PaginationTest - Next button is disabled.
15:02:48.602 [main] INFO  tests.PaginationTest - Last page reached: 6
15:02:48.602 [main] INFO  tests.PaginationTest - All pages loaded successfully.
