16:12:35.457 [main] INFO  tests.BrowserConsoleLogsCapture - IGNORED - Third-party Optimizely log: https://298279967.log.optimizely.com/event?a=298279967&d=298279967&y=false&n=https%3A%2F%2Fthe-internet.herokuapp.com%2Fjavascript_alerts&u=oeu1791110526473r0.6760587956412587&wxhr=true&t=1791110526490&f=298349752,318188263 - Failed to load resource: net::ERR_NAME_NOT_RESOLVED
16:12:35.466 [main] INFO  tests.BrowserConsoleLogsCapture - SEVERE : https://the-internet.herokuapp.com/css/font-awesome.css - Failed to load resource: the server responded with a status of 503 ()
16:12:35.466 [main] ERROR tests.BrowserConsoleLogsCapture - CRITICAL BROWSER ERROR: https://the-internet.herokuapp.com/css/font-awesome.css - Failed to load resource: the server responded with a status of 503 ()
16:12:35.467 [main] INFO  tests.BrowserConsoleLogsCapture - SEVERE : https://the-internet.herokuapp.com/img/forkme_right_green_007200.png - Failed to load resource: the server responded with a status of 503 ()
16:12:35.467 [main] ERROR tests.BrowserConsoleLogsCapture - CRITICAL BROWSER ERROR: https://the-internet.herokuapp.com/img/forkme_right_green_007200.png - Failed to load resource: the server responded with a status of 503 ()
16:12:35.467 [main] INFO  tests.BrowserConsoleLogsCapture - SEVERE : https://the-internet.herokuapp.com/js/vendor/jquery-1.11.3.min.js - Failed to load resource: the server responded with a status of 503 ()
16:12:35.467 [main] ERROR tests.BrowserConsoleLogsCapture - CRITICAL BROWSER ERROR: https://the-internet.herokuapp.com/js/vendor/jquery-1.11.3.min.js - Failed to load resource: the server responded with a status of 503 ()
16:12:35.467 [main] INFO  tests.BrowserConsoleLogsCapture - SEVERE : https://the-internet.herokuapp.com/js/foundation/foundation.js - Failed to load resource: the server responded with a status of 503 ()
16:12:35.467 [main] ERROR tests.BrowserConsoleLogsCapture - CRITICAL BROWSER ERROR: https://the-internet.herokuapp.com/js/foundation/foundation.js - Failed to load resource: the server responded with a status of 503 ()
16:12:35.468 [main] INFO  tests.BrowserConsoleLogsCapture - SEVERE : https://the-internet.herokuapp.com/js/vendor/jquery-ui-1.11.4/jquery-ui.js 13:11 Uncaught ReferenceError: jQuery is not defined
16:12:35.468 [main] ERROR tests.BrowserConsoleLogsCapture - CRITICAL BROWSER ERROR: https://the-internet.herokuapp.com/js/vendor/jquery-ui-1.11.4/jquery-ui.js 13:11 Uncaught ReferenceError: jQuery is not defined
16:12:35.468 [main] INFO  tests.BrowserConsoleLogsCapture - SEVERE : https://the-internet.herokuapp.com/js/foundation/foundation.alerts.js 56:2 Uncaught ReferenceError: Foundation is not defined
16:12:35.468 [main] ERROR tests.BrowserConsoleLogsCapture - CRITICAL BROWSER ERROR: https://the-internet.herokuapp.com/js/foundation/foundation.alerts.js 56:2 Uncaught ReferenceError: Foundation is not defined
16:12:35.468 [main] INFO  tests.BrowserConsoleLogsCapture - SEVERE : https://the-internet.herokuapp.com/javascript_alerts 17:6 Uncaught ReferenceError: $ is not defined
16:12:35.469 [main] ERROR tests.BrowserConsoleLogsCapture - CRITICAL BROWSER ERROR: https://the-internet.herokuapp.com/javascript_alerts 17:6 Uncaught ReferenceError: $ is not defined
16:12:35.469 [main] INFO  tests.BrowserConsoleLogsCapture - SEVERE : https://298279967.log.optimizely.com/event?a=298279967&d=298279967&y=false&n=engagement&g=298283957&u=oeu1791110526473r0.6760587956412587&wxhr=true&t=1791110555287&f=298349752,318188263 - Failed to load resource: net::ERR_NAME_NOT_RESOLVED
16:12:35.469 [main] INFO  tests.BrowserConsoleLogsCapture - IGNORED - Third-party Optimizely log: https://298279967.log.optimizely.com/event?a=298279967&d=298279967&y=false&n=engagement&g=298283957&u=oeu1791110526473r0.6760587956412587&wxhr=true&t=1791110555287&f=298349752,318188263 - Failed to load resource: net::ERR_NAME_NOT_RESOLVED
16:12:35.469 [main] INFO  tests.BrowserConsoleLogsCapture - SEVERE : https://the-internet.herokuapp.com/favicon.ico - Failed to load resource: the server responded with a status of 404 ()
16:12:35.469 [main] INFO  tests.BrowserConsoleLogsCapture - IGNORED - Favicon 404: https://the-internet.herokuapp.com/favicon.ico - Failed to load resource: the server responded with a status of 404 ()
16:12:35.470 [main] INFO  tests.BrowserConsoleLogsCapture - Browser console log validation result
16:12:35.470 [main] INFO  tests.BrowserConsoleLogsCapture - Critical errors: 7
16:12:35.470 [main] INFO  tests.BrowserConsoleLogsCapture - Warnings: 0
16:12:35.470 [main] INFO  tests.BrowserConsoleLogsCapture - Ignored logs: 3
16:14:37.368 [main] INFO  tests.BrowserConsoleLogsCapture - opening the url
16:15:08.540 [main] INFO  tests.BrowserConsoleLogsCapture - finding alert element
16:16:07.996 [main] INFO  tests.BrowserConsoleLogsCapture - opening the url
16:17:06.731 [main] INFO  tests.BrowserConsoleLogsCapture - finding alert element
16:17:06.911 [main] INFO  tests.BrowserConsoleLogsCapture - clicked on the alert button
