18:57:44.822 [main] INFO  tests.MainTestCase - searching the product...
19:00:21.823 [main] INFO  tests.MainTestCase - searching the product...
19:00:23.107 [main] INFO  tests.MainTestCase - adding the product to the cart...
19:00:23.672 [main] INFO  tests.MainTestCase - go to the cart section...
19:00:25.030 [main] INFO  tests.MainTestCase - in the cartpage...
19:00:25.081 [main] INFO  tests.MainTestCase - asserting the product details...
19:00:25.177 [main] INFO  tests.MainTestCase - changing the quantity of the product to 2 dynamically...
19:00:26.221 [main] INFO  tests.MainTestCase - price is doubled for the qauntity...
19:00:26.263 [main] INFO  tests.MainTestCase - checkou to the cart...
19:01:38.876 [main] INFO  tests.MainTestCase - searching the product...
19:01:40.192 [main] INFO  tests.MainTestCase - adding the product to the cart...
19:01:40.846 [main] INFO  tests.MainTestCase - go to the cart section...
19:01:41.976 [main] INFO  tests.MainTestCase - in the cartpage...
19:01:42.029 [main] INFO  tests.MainTestCase - asserting the product details...
19:01:42.112 [main] INFO  tests.MainTestCase - changing the quantity of the product to 2 dynamically...
19:01:43.445 [main] INFO  tests.MainTestCase - price is doubled for the qauntity...
19:01:43.477 [main] INFO  tests.MainTestCase - checkout to the cart...
15:02:47.016 [main] INFO  tests.PaginationTest - Website opened successfully.
15:02:47.083 [main] INFO  tests.PaginationTest - Table loaded successfully.
15:02:47.131 [main] INFO  tests.PaginationTest - Row data: Airi Satou Accountant Tokyo 33 2008-11-28 $162,700
15:02:47.150 [main] INFO  tests.PaginationTest - Row data: Angelica Ramos Chief Executive Officer (CEO) London 47 2009-10-09 $1,200,000
15:02:47.162 [main] INFO  tests.PaginationTest - Row data: Ashton Cox Junior Technical Author San Francisco 66 2009-01-12 $86,000
15:02:47.176 [main] INFO  tests.PaginationTest - Row data: Bradley Greer Software Engineer London 41 2012-10-13 $132,000
15:02:47.187 [main] INFO  tests.PaginationTest - Row data: Brenden Wagner Software Engineer San Francisco 28 2011-06-07 $206,850
15:02:47.200 [main] INFO  tests.PaginationTest - Row data: Brielle Williamson Integration Specialist New York 61 2012-12-02 $372,000
15:02:47.213 [main] INFO  tests.PaginationTest - Row data: Bruno Nash Software Engineer London 38 2011-05-03 $163,500
15:02:47.226 [main] INFO  tests.PaginationTest - Row data: Caesar Vance Pre-Sales Support New York 21 2011-12-12 $106,450
15:02:47.237 [main] INFO  tests.PaginationTest - Row data: Cara Stevens Sales Assistant New York 46 2011-12-06 $145,600
15:02:47.250 [main] INFO  tests.PaginationTest - Row data: Cedric Kelly Senior JavaScript Developer Edinburgh 22 2012-03-29 $433,060
15:02:47.277 [main] INFO  tests.PaginationTest - Page 1 first row: Airi Satou Accountant Tokyo 33 2008-11-28 $162,700
15:02:47.299 [main] INFO  tests.PaginationTest - Initial page information: Showing 1 to 10 of 57 entries
15:02:47.420 [main] INFO  tests.PaginationTest - Navigated to page: 2
15:02:47.447 [main] INFO  tests.PaginationTest - Row data: Charde Marshall Regional Director San Francisco 36 2008-10-16 $470,600
15:02:47.461 [main] INFO  tests.PaginationTest - Row data: Colleen Hurst JavaScript Developer San Francisco 39 2009-09-15 $205,500
15:02:47.475 [main] INFO  tests.PaginationTest - Row data: Dai Rios Personnel Lead Edinburgh 35 2012-09-26 $217,500
15:02:47.489 [main] INFO  tests.PaginationTest - Row data: Donna Snider Customer Support New York 27 2011-01-25 $112,000
15:02:47.502 [main] INFO  tests.PaginationTest - Row data: Doris Wilder Sales Assistant Sydney 23 2010-09-20 $85,600
15:02:47.518 [main] INFO  tests.PaginationTest - Row data: Finn Camacho Support Engineer San Francisco 47 2009-07-07 $87,500
15:02:47.530 [main] INFO  tests.PaginationTest - Row data: Fiona Green Chief Operating Officer (COO) San Francisco 48 2010-03-11 $850,000
15:02:47.543 [main] INFO  tests.PaginationTest - Row data: Garrett Winters Accountant Tokyo 63 2011-07-25 $170,750
15:02:47.555 [main] INFO  tests.PaginationTest - Row data: Gavin Cortez Team Leader San Francisco 22 2008-10-26 $235,500
15:02:47.566 [main] INFO  tests.PaginationTest - Row data: Gavin Joyce Developer Edinburgh 42 2010-12-22 $92,575
15:02:47.585 [main] INFO  tests.PaginationTest - Page 2 first row: Charde Marshall Regional Director San Francisco 36 2008-10-16 $470,600
15:02:47.678 [main] INFO  tests.PaginationTest - Navigated to page: 3
15:02:47.697 [main] INFO  tests.PaginationTest - Row data: Gloria Little Systems Administrator New York 59 2009-04-10 $237,500
15:02:47.708 [main] INFO  tests.PaginationTest - Row data: Haley Kennedy Senior Marketing Designer London 43 2012-12-18 $313,500
15:02:47.718 [main] INFO  tests.PaginationTest - Row data: Hermione Butler Regional Director London 47 2011-03-21 $356,250
15:02:47.729 [main] INFO  tests.PaginationTest - Row data: Herrod Chandler Sales Assistant San Francisco 59 2012-08-06 $137,500
