12:50:55.065 [main] INFO  tests.BrowserConsoleLogsCapture - SEVERE : https://the-internet.herokuapp.com/javascript_alerts 17:18 Uncaught TypeError: $(...).foundation is not a function
12:50:55.071 [main] ERROR tests.BrowserConsoleLogsCapture - CRITICAL BROWSER ERROR: https://the-internet.herokuapp.com/javascript_alerts 17:18 Uncaught TypeError: $(...).foundation is not a function
12:50:55.071 [main] INFO  tests.BrowserConsoleLogsCapture - SEVERE : https://298279967.log.optimizely.com/event?a=298279967&d=298279967&y=false&n=engagement&g=298283957&u=oeu1791271225453r0.7332767223836827&wxhr=true&t=1791271254935&f=298349752,318188263 - Failed to load resource: net::ERR_NAME_NOT_RESOLVED
12:50:55.071 [main] INFO  tests.BrowserConsoleLogsCapture - IGNORED - Third-party Optimizely log: https://298279967.log.optimizely.com/event?a=298279967&d=298279967&y=false&n=engagement&g=298283957&u=oeu1791271225453r0.7332767223836827&wxhr=true&t=1791271254935&f=298349752,318188263 - Failed to load resource: net::ERR_NAME_NOT_RESOLVED
12:50:55.071 [main] INFO  tests.BrowserConsoleLogsCapture - Browser console log validation result
12:50:55.071 [main] INFO  tests.BrowserConsoleLogsCapture - Critical errors: 5
12:50:55.072 [main] INFO  tests.BrowserConsoleLogsCapture - Warnings: 0
12:50:55.072 [main] INFO  tests.BrowserConsoleLogsCapture - Ignored logs: 2
12:50:55.072 [main] INFO  tests.BrowserConsoleLogsCapture - Browser console validation completed successfully
13:14:39.229 [main] INFO  tests.BrowserConsoleLogsCapture - opening the url
13:15:10.352 [main] INFO  tests.BrowserConsoleLogsCapture - finding alert element
13:15:10.507 [main] INFO  tests.BrowserConsoleLogsCapture - clicked on the alert button
13:15:10.528 [main] INFO  tests.BrowserConsoleLogsCapture - accepted the alert
13:15:10.529 [main] INFO  tests.BrowserConsoleLogsCapture - finding the confirm alert button
13:15:10.636 [main] INFO  tests.BrowserConsoleLogsCapture - clicked on the confirm button
13:15:10.658 [main] INFO  tests.BrowserConsoleLogsCapture - accepted the confirm alert
13:15:10.658 [main] INFO  tests.BrowserConsoleLogsCapture - now finding the browser logs
13:15:10.677 [main] INFO  tests.BrowserConsoleLogsCapture - total browser logs: 9
13:15:10.677 [main] INFO  tests.BrowserConsoleLogsCapture - SEVERE : https://298279967.log.optimizely.com/event?a=298279967&d=298279967&y=false&n=https%3A%2F%2Fthe-internet.herokuapp.com%2Fjavascript_alerts&u=oeu1791272681135r0.6157927703349493&wxhr=true&t=1791272681141&f=298349752,318188263 - Failed to load resource: net::ERR_NAME_NOT_RESOLVED
13:15:10.677 [main] INFO  tests.BrowserConsoleLogsCapture - IGNORED - Third-party Optimizely log: https://298279967.log.optimizely.com/event?a=298279967&d=298279967&y=false&n=https%3A%2F%2Fthe-internet.herokuapp.com%2Fjavascript_alerts&u=oeu1791272681135r0.6157927703349493&wxhr=true&t=1791272681141&f=298349752,318188263 - Failed to load resource: net::ERR_NAME_NOT_RESOLVED
13:15:10.677 [main] INFO  tests.BrowserConsoleLogsCapture - SEVERE : https://the-internet.herokuapp.com/js/vendor/jquery-1.11.3.min.js - Failed to load resource: the server responded with a status of 503 ()
13:15:10.678 [main] ERROR tests.BrowserConsoleLogsCapture - CRITICAL BROWSER ERROR: https://the-internet.herokuapp.com/js/vendor/jquery-1.11.3.min.js - Failed to load resource: the server responded with a status of 503 ()
13:15:10.678 [main] INFO  tests.BrowserConsoleLogsCapture - SEVERE : https://the-internet.herokuapp.com/img/forkme_right_green_007200.png - Failed to load resource: the server responded with a status of 503 ()
13:15:10.678 [main] ERROR tests.BrowserConsoleLogsCapture - CRITICAL BROWSER ERROR: https://the-internet.herokuapp.com/img/forkme_right_green_007200.png - Failed to load resource: the server responded with a status of 503 ()
13:15:10.678 [main] INFO  tests.BrowserConsoleLogsCapture - SEVERE : https://the-internet.herokuapp.com/js/foundation/foundation.alerts.js - Failed to load resource: the server responded with a status of 503 ()
13:15:10.678 [main] ERROR tests.BrowserConsoleLogsCapture - CRITICAL BROWSER ERROR: https://the-internet.herokuapp.com/js/foundation/foundation.alerts.js - Failed to load resource: the server responded with a status of 503 ()
13:15:10.679 [main] INFO  tests.BrowserConsoleLogsCapture - SEVERE : https://the-internet.herokuapp.com/js/vendor/jquery-ui-1.11.4/jquery-ui.js - Failed to load resource: the server responded with a status of 503 ()
13:15:10.679 [main] ERROR tests.BrowserConsoleLogsCapture - CRITICAL BROWSER ERROR: https://the-internet.herokuapp.com/js/vendor/jquery-ui-1.11.4/jquery-ui.js - Failed to load resource: the server responded with a status of 503 ()
13:15:10.679 [main] INFO  tests.BrowserConsoleLogsCapture - SEVERE : https://the-internet.herokuapp.com/js/foundation/foundation.js - Failed to load resource: the server responded with a status of 503 ()
13:15:10.679 [main] ERROR tests.BrowserConsoleLogsCapture - CRITICAL BROWSER ERROR: https://the-internet.herokuapp.com/js/foundation/foundation.js - Failed to load resource: the server responded with a status of 503 ()
